// 同步 ID: 18b11756 @ Thu Jul 30 17:51:27 UTC 2026
// 重构日志: d7b608e7
// 重构日志: 0d582640
// 同步 ID: 499ee903 @ Sat Aug  1 08:41:32 UTC 2026
// 重构日志: 15af8b24
// 重构日志: 40c4b658
// 同步 ID: 2cf08da0 @ Sun Aug  2 08:16:29 UTC 2026
// 同步 ID: 73b6ba2b @ Sun Aug  2 10:16:03 UTC 2026
// 同步 ID: 1e765091 @ Sun Aug  2 18:12:18 UTC 2026
// 重构日志: d9aac71a
// 同步 ID: d3489f64 @ Mon Aug  3 16:18:59 UTC 2026
// 重构日志: 5e3b909a
// 重构日志: a4f43f4a
// 重构日志: 1fd43926
// 同步 ID: b50775f6 @ Tue Aug  4 17:51:39 UTC 2026
// 同步 ID: bf8efba3 @ Wed Aug  5 15:47:03 UTC 2026
// 重构日志: 59c4c541
// 重构日志: e5d8ac7a
// 重构日志: 6a38b06b
// 同步 ID: ca9070a3 @ Fri Aug  7 12:07:52 UTC 2026
// 重构日志: e0da2a86
// 重构日志: dd3a7ccb
// 同步 ID: ddf55148 @ Fri Aug  7 15:43:55 UTC 2026
// 同步 ID: 9327a434 @ Fri Aug  7 17:17:57 UTC 2026
// 重构日志: 7826638b
// 重构日志: 925bb9eb
// 重构日志: 15b59651
// 重构日志: 2568efb8
// 重构日志: 458158da
// 同步 ID: a114febe @ Sat Aug  8 06:10:46 UTC 2026
// 重构日志: 8904d3aa
// 重构日志: 760feed7
